n d algorithm ot_time time error gate_count
100000 10 cgd 0.012279 17.711301 2.79071353439e-06 -1
iter_i error_i obj_i time_i gate_count_i
1 0.100711795715 0.0104826719585 1.232205 -1
2 0.00473907763786 0.0099598238962 2.406901 -1
3 0.000335746243922 0.00995865043676 3.577419 -1
4 2.91824239673e-05 0.00995864479321 4.759202 -1
5 2.79071353439e-06 0.00995864473662 5.941331 -1
6 2.79071353439e-06 0.00995864473662 7.110454 -1
7 2.79071353439e-06 0.00995864473662 8.291706 -1
8 2.79071353439e-06 0.00995864473662 9.466414 -1
9 2.79071353439e-06 0.00995864473662 10.643795 -1
10 2.79071353439e-06 0.00995864473662 11.810772 -1
11 2.79071353439e-06 0.00995864473662 12.988283 -1
12 2.79071353439e-06 0.00995864473662 14.156384 -1
13 2.79071353439e-06 0.00995864473662 15.338873 -1
14 2.79071353439e-06 0.00995864473662 16.514771 -1
15 2.79071353439e-06 0.00995864473662 17.698989 -1
solution:
10
0.64451140193 0.296582669181 0.816757086109 0.887074078399 0.0160726488357 0.986569922137 0.270375803663 0.220268386102 0.584873487808 0.0865868022726
Objective function on solution:
0.00995864473677
result:
10
0.644511456957 0.296582357698 0.816759284961 0.88707395852 0.0160730150593 0.986569726475 0.270374174262 0.220268404629 0.584873591539 0.0865867862423
Condition number:
1.3168089705