n d algorithm ot_time time error gate_count
100000 10 cgd 0.012315 9.034773 3.01485252261e-06 -1
iter_i error_i obj_i time_i gate_count_i
1 0.129799841575 0.0107964891285 0.623118 -1
2 0.00811709690813 0.0100119939421 1.225079 -1
3 0.000804194225436 0.0100088710172 1.826668 -1
4 0.000107273672957 0.010008840999 2.427983 -1
5 1.47107760701e-05 0.0100088404231 3.029411 -1
6 3.01485252261e-06 0.0100088404136 3.630461 -1
7 3.01485252261e-06 0.0100088404136 4.231039 -1
8 3.01485252261e-06 0.0100088404136 4.831558 -1
9 3.01485252261e-06 0.0100088404136 5.431825 -1
10 3.01485252261e-06 0.0100088404136 6.032011 -1
11 3.01485252261e-06 0.0100088404136 6.63246 -1
12 3.01485252261e-06 0.0100088404136 7.233027 -1
13 3.01485252261e-06 0.0100088404136 7.83356 -1
14 3.01485252261e-06 0.0100088404136 8.434109 -1
15 3.01485252261e-06 0.0100088404136 9.034521 -1
solution:
10
0.503293427974 0.130049044209 0.507934124972 0.691748293883 0.259183636111 0.471592897157 0.00687676003471 0.819211995087 0.57542719395 0.430743190871
Objective function on solution:
0.0100088404123
result:
10
0.50329332378 0.130048971211 0.507932211411 0.6917483978 0.259183682552 0.471593024212 0.00687905115019 0.8192116342 0.575427237107 0.430743158908
Condition number:
1.35916790495