n d algorithm ot_time time error gate_count
100000 10 cgd 0.012296 9.046435 3.72742401457e-06 -1
iter_i error_i obj_i time_i gate_count_i
1 0.0778717112328 0.0102465942875 0.624072 -1
2 0.00977505703339 0.00997330832433 1.226155 -1
3 0.00129493748363 0.00996902564056 1.828666 -1
4 0.000180494338505 0.00996895024876 2.430978 -1
5 2.58523340468e-05 0.00996894871445 3.032922 -1
6 3.72742401457e-06 0.00996894868921 3.634867 -1
7 3.72742401457e-06 0.00996894868921 4.236019 -1
8 3.72742401457e-06 0.00996894868921 4.837389 -1
9 3.72742401457e-06 0.00996894868921 5.438683 -1
10 3.72742401457e-06 0.00996894868921 6.039915 -1
11 3.72742401457e-06 0.00996894868921 6.641187 -1
12 3.72742401457e-06 0.00996894868921 7.242384 -1
13 3.72742401457e-06 0.00996894868921 7.843751 -1
14 3.72742401457e-06 0.00996894868921 8.44502 -1
15 3.72742401457e-06 0.00996894868921 9.046182 -1
solution:
10
0.864973516942 0.647258904217 0.724799431984 0.00674331350544 0.769818518679 0.263293311316 0.0746328019709 0.126879149445 0.227515446664 0.0501745765246
Objective function on solution:
0.00996894868667
result:
10
0.864970967056 0.647259073208 0.724799485485 0.00674326258034 0.769818640344 0.263290686951 0.0746327670987 0.126879799778 0.22751558428 0.0501746886877
Condition number:
1.37663348929