n d algorithm ot_time time error gate_count
100000 10 cgd 0.007327 5.675954 2.47656721584e-06 -1
iter_i error_i obj_i time_i gate_count_i
1 0.178252093077 0.0117138095141 0.391564 -1
2 0.013254549177 0.0100343997903 0.769855 -1
3 0.00178509896894 0.0100258768578 1.147931 -1
4 0.000316512681516 0.0100257375527 1.526262 -1
5 6.27192032794e-05 0.0100257329582 1.90411 -1
6 1.21317663647e-05 0.0100257327964 2.281964 -1
7 2.47656721584e-06 0.0100257327864 2.659422 -1
8 2.47656721584e-06 0.0100257327864 3.036552 -1
9 2.47656721584e-06 0.0100257327864 3.414227 -1
10 2.47656721584e-06 0.0100257327864 3.79121 -1
11 2.47656721584e-06 0.0100257327864 4.168078 -1
12 2.47656721584e-06 0.0100257327864 4.545027 -1
13 2.47656721584e-06 0.0100257327864 4.921967 -1
14 2.47656721584e-06 0.0100257327864 5.298821 -1
15 2.47656721584e-06 0.0100257327864 5.675732 -1
solution:
10
0.853990500991 0.417287380368 0.902607970789 0.0802231677662 0.175736952263 0.992652002275 0.740803094907 0.074488501728 0.512750126314 0.93971895677
Objective function on solution:
0.0100257327865
result:
10
0.853990450879 0.417287371434 0.902608042512 0.0802210164331 0.175736956981 0.992653215772 0.740803045576 0.0744884448246 0.512750040047 0.939718848587
Condition number:
1.50671503401