n d algorithm ot_time time error gate_count
100000 10 cgd 0.007156 5.535099 1.97775957081e-06 -1
iter_i error_i obj_i time_i gate_count_i
1 0.215466412609 0.0119616031729 0.381473 -1
2 0.0352735098701 0.0100422475043 0.750272 -1
3 0.00629741507646 0.00998955537647 1.118809 -1
4 0.00110049582569 0.00998793363618 1.487032 -1
5 0.000200585074628 0.00998788151101 1.856015 -1
6 3.55124289985e-05 0.00998787984545 2.224175 -1
7 6.46974985118e-06 0.00998787976272 2.592214 -1
8 1.97775957081e-06 0.00998787976049 2.959959 -1
9 1.97775957081e-06 0.00998787976049 3.327488 -1
10 1.97775957081e-06 0.00998787976049 3.695933 -1
11 1.97775957081e-06 0.00998787976049 4.063404 -1
12 1.97775957081e-06 0.00998787976049 4.431961 -1
13 1.97775957081e-06 0.00998787976049 4.799556 -1
14 1.97775957081e-06 0.00998787976049 5.167201 -1
15 1.97775957081e-06 0.00998787976049 5.53489 -1
solution:
10
0.685555440108 0.151353719337 0.848660938148 0.499119797826 0.196302623263 0.0547471537351 0.654631845796 0.463453912323 0.195634865311 0.299614895548
Objective function on solution:
0.00998787975943
result:
10
0.685554784755 0.151353764028 0.848661227453 0.499119741655 0.196302709221 0.0547471646484 0.654631840229 0.463452074381 0.195634778647 0.299614906222
Condition number:
1.44803954239