n d algorithm ot_time time error gate_count
100000 10 cgd 0.01229 9.052718 2.47146965855e-06 -1
iter_i error_i obj_i time_i gate_count_i
1 0.160530356983 0.011217041646 0.62422 -1
2 0.0158465088923 0.0100077461209 1.226823 -1
3 0.0017865621125 0.00999546987845 1.829207 -1
4 0.000241004034106 0.00999532046882 2.431771 -1
5 3.35772492106e-05 0.00999531757976 3.035259 -1
6 4.57483306708e-06 0.00999531752381 3.637972 -1
7 1.40788972746e-05 0.00999531753801 4.239729 -1
8 2.47146965855e-06 0.00999531752017 4.841638 -1
9 2.47146965855e-06 0.00999531752017 5.443839 -1
10 2.47146965855e-06 0.00999531752017 6.04536 -1
11 2.47146965855e-06 0.00999531752017 6.647205 -1
12 2.47146965855e-06 0.00999531752017 7.248708 -1
13 2.47146965855e-06 0.00999531752017 7.850267 -1
14 2.47146965855e-06 0.00999531752017 8.451184 -1
15 2.47146965855e-06 0.00999531752017 9.052469 -1
solution:
10
0.542542252994 0.640658966941 0.848492157532 0.618017800841 0.160008626608 0.591487317435 0.777441677723 0.462467200639 0.686889206852 0.249813752472
Objective function on solution:
0.00999531752031
result:
10
0.542541743905 0.640658453789 0.848492091113 0.618020065179 0.160008858621 0.591487269807 0.77744176017 0.462467202896 0.686889151802 0.249814375445
Condition number:
1.32488378828