n d algorithm time error gate_count
100000 20 cholesky 12.56722 4.6068527101e-12 57926741
solution:
20
0.274942540068 0.296166086187 0.0471995574631 0.757702405501 0.888504362268 0.240021300523 0.905114169593 0.188540399106 0.502252380708 0.236351651474 0.241597875365 0.098310888762 0.276635706514 0.851541262724 0.768487521855 0.165441070245 0.857846414908 0.756503618024 0.90001945161 0.740408333381
result:
20
0.274942540068 0.296166086187 0.0471995574631 0.757702405504 0.888504362268 0.240021300523 0.905114169591 0.188540399106 0.502252380709 0.236351651474 0.241597875365 0.0983108887621 0.276635706514 0.851541262724 0.768487521855 0.165441070244 0.857846414906 0.756503618023 0.900019451609 0.74040833338
Condition number:
1.34614460357