n d algorithm time error gate_count
1000 20 cholesky 12.572726 2.94114610368e-12 57926741
solution:
20
0.583287574535 0.674635793908 0.970288674371 0.0295465916424 0.849160020349 0.0320613833949 0.252329605336 0.643785666244 0.316288285674 0.621108668712 0.140246880825 0.327582530769 0.714965902799 0.953646434173 0.391390390449 0.0362227805969 0.545045819576 0.0361580437952 0.691498087221 0.454960070596
result:
20
0.583287574535 0.674635793909 0.970288674372 0.0295465916421 0.849160020348 0.0320613833947 0.252329605337 0.643785666243 0.316288285674 0.621108668712 0.140246880825 0.327582530769 0.714965902799 0.953646434174 0.391390390449 0.036222780597 0.545045819576 0.0361580437951 0.691498087221 0.454960070595
Condition number:
2.24166573535