n d algorithm time error gate_count
100000 10 cholesky 2.782475 1.91380140165e-12 12273136
solution:
10
0.234395550764 0.970876575324 0.154609220422 0.190404732174 0.705549303075 0.503486796729 0.936334259967 0.684427337442 0.713835666157 0.81481314136
result:
10
0.234395550764 0.970876575325 0.154609220422 0.190404732174 0.705549303076 0.503486796728 0.936334259966 0.684427337442 0.713835666157 0.81481314136
Condition number:
1.35362043667