n d algorithm time error gate_count
2000 10 cholesky 2.781798 9.99027038118e-13 12273136
solution:
10
0.8636695784 0.556084802788 0.27301320706 0.215868206215 0.805250398468 0.459883836852 0.503401953011 0.145232578236 0.0704968281267 0.0740735835157
result:
10
0.8636695784 0.556084802788 0.27301320706 0.215868206214 0.805250398468 0.459883836852 0.50340195301 0.145232578236 0.0704968281267 0.0740735835156
Condition number:
1.5775233907