n d algorithm time error gate_count
500000 20 cholesky 12.571785 5.48682213266e-12 57926741
solution:
20
0.530797321601 0.740883398237 0.0724884359562 0.528261548861 0.109755202171 0.145985849051 0.667553850071 0.317399558938 0.240765359466 0.716161637876 0.0465959033607 0.944152121726 0.673225349088 0.0338886555618 0.585786730308 0.355044721469 0.568756886714 0.215676549138 0.940355180958 0.0725617995672
result:
20
0.5307973216 0.740883398236 0.0724884359563 0.52826154886 0.109755202171 0.145985849051 0.667553850068 0.317399558938 0.240765359466 0.716161637875 0.0465959033605 0.944152121729 0.673225349088 0.0338886555616 0.585786730306 0.355044721469 0.568756886715 0.215676549137 0.940355180959 0.0725617995673
Condition number:
1.51180621622