n d algorithm time error gate_count
1000000 10 cgd 16.016249 4.10647434351e-07 73490239
iter_i error_i gate_count_i
1 0.142251969867 5095899
2 0.00763654743917 9981209
3 0.000872747459413 14866519
4 4.90379032007e-05 19751829
5 3.54505989739e-06 24637139
6 3.54505989739e-06 29522449
7 4.10647434351e-07 34407759
8 4.10647434351e-07 39293069
9 4.10647434351e-07 44178379
10 4.10647434351e-07 49063689
11 4.10647434351e-07 53948999
12 4.10647434351e-07 58834309
13 4.10647434351e-07 63719619
14 4.10647434351e-07 68604929
15 4.10647434351e-07 73490239
solution:
10
0.564053149303 0.297390308088 0.270066763513 0.201905160101 0.194748798146 0.549933968893 0.179950612231 0.890584236349 0.669891167226 0.917365406064
result:
10
0.564053398452 0.297390329153 0.27006668355 0.201905267684 0.194748743027 0.5499341523 0.179950697046 0.890584220662 0.669891057971 0.917365226922
Condition number:
1.35343301508