n d algorithm time error gate_count
500000 10 cholesky 2.774884 2.01114891667e-12 12273136
solution:
10
0.635743145053 0.434103981744 0.754210931312 0.503027335683 0.259511423421 0.972301704473 0.959298651591 0.852151720099 0.822425643846 0.341773769811
result:
10
0.635743145053 0.434103981743 0.754210931312 0.503027335683 0.25951142342 0.972301704473 0.95929865159 0.852151720099 0.822425643845 0.341773769811
Condition number:
1.37931433384