n d algorithm time error gate_count
5000 10 cgd 16.014041 5.51519691089e-07 73490239
iter_i error_i gate_count_i
1 0.230401362289 5095899
2 0.0263754133301 9981209
3 0.00228470065173 14866519
4 0.000168026437624 19751829
5 1.29739253674e-05 24637139
6 1.84545912096e-06 29522449
7 1.84545912096e-06 34407759
8 1.84545912096e-06 39293069
9 5.51519691089e-07 44178379
10 5.51519691089e-07 49063689
11 5.51519691089e-07 53948999
12 5.51519691089e-07 58834309
13 5.51519691089e-07 63719619
14 5.51519691089e-07 68604929
15 5.51519691089e-07 73490239
solution:
10
0.171506514407 0.752365704202 0.277202601702 0.771868664072 0.538319691938 0.258101427472 0.355773400957 0.0726785142968 0.427323501289 0.354560548803
result:
10
0.171506588412 0.752365396907 0.277202730207 0.771868646965 0.538319783349 0.258101163423 0.355773552812 0.0726786077792 0.42732372593 0.354560713485
Condition number:
1.55533422461