n d algorithm time error gate_count
1000 10 cholesky 2.772039 4.40006966576e-12 12273136
solution:
10
0.107875113149 0.242087577464 0.191014095495 0.851517043271 0.931639539435 0.768869803424 0.797519613861 0.981749335366 0.26667362925 0.0652281008978
result:
10
0.107875113149 0.242087577465 0.191014095496 0.851517043273 0.931639539432 0.768869803424 0.79751961386 0.981749335365 0.26667362925 0.0652281008972
Condition number:
1.65169859433