n d algorithm time error gate_count
2000 20 cholesky 12.616149 3.43043060636e-12 57926741
solution:
20
0.6018583149 0.500724170116 0.562421959407 0.0655842111748 0.209716659533 0.950403553152 0.520232799516 0.373976039015 0.0315116087431 0.628235906805 0.854530578336 0.883619254152 0.112912672073 0.285689467663 0.967871491069 0.790438797697 0.846098967906 0.482092351722 0.533240984234 0.321629463714
result:
20
0.601858314899 0.500724170117 0.562421959405 0.065584211175 0.209716659533 0.950403553151 0.520232799516 0.373976039015 0.031511608743 0.628235906805 0.854530578336 0.883619254152 0.112912672073 0.285689467664 0.967871491068 0.790438797696 0.846098967906 0.482092351723 0.533240984232 0.321629463713
Condition number:
1.870182122