n d algorithm time error gate_count
1000 10 cgd 16.009862 3.31410401148e-07 73490239
iter_i error_i gate_count_i
1 0.300794962919 5095899
2 0.0480761104281 9981209
3 0.014147507831 14866519
4 0.00104975263635 19751829
5 0.000101723605644 24637139
6 1.49964833502e-05 29522449
7 1.33862906615e-06 34407759
8 1.33862906615e-06 39293069
9 3.3141040097e-07 44178379
10 3.3141040097e-07 49063689
11 3.3141040097e-07 53948999
12 3.31410401148e-07 58834309
13 3.31410401148e-07 63719619
14 3.31410401148e-07 68604929
15 3.31410401148e-07 73490239
solution:
10
0.389591576341 0.578638551875 0.942303289323 0.555517004683 0.346649493902 0.256700117595 0.325866132803 0.410540401407 0.952753441663 0.276582488126
result:
10
0.389591501148 0.578638611158 0.942303463397 0.55551677861 0.34664948668 0.256700143201 0.325866003563 0.410540437709 0.952753425039 0.276582472341
Condition number:
2.07389222732