n d algorithm ot_time time error gate_count
100000 10 cgd 0.076206 15.903589 8.99714080391e-07 73490239
iter_i error_i obj_i time_i gate_count_i
1 0.262144989045 0.0124822938566 1.121614 5095899
2 0.0439987504386 0.0101150265667 2.169898 9981209
3 0.0021981636322 0.0100249446531 3.214472 14866519
4 8.00080253267e-05 0.0100246892855 4.259714 19751829
5 4.58036210422e-06 0.0100246889638 5.305265 24637139
6 4.58036210422e-06 0.0100246889638 6.350955 29522449
7 1.26883301705e-06 0.010024688963 7.396549 34407759
8 1.26883301705e-06 0.010024688963 8.444114 39293069
9 1.26883301705e-06 0.010024688963 9.492334 44178379
10 1.26883301705e-06 0.010024688963 10.537136 49063689
11 1.03736120515e-06 0.010024688963 11.586792 53948999
12 8.99714080391e-07 0.0100246889629 12.63186 58834309
13 8.99714080391e-07 0.0100246889629 13.677053 63719619
14 8.99714080391e-07 0.0100246889629 14.722932 68604929
15 8.99714080391e-07 0.0100246889629 15.768046 73490239
solution:
10
0.618925532286 0.88156727206 0.793056994891 0.479296423841 0.785118967826 0.379490865806 0.0403510723226 0.0279958012595 0.712059915834 0.279850440931
Objective function on solution:
0.0100246889629
result:
10
0.618925492704 0.881567206737 0.793056894816 0.4792964421 0.785119104828 0.379490921933 0.0403519491417 0.0279958298897 0.712059915307 0.279850399077
Condition number:
1.73565333435