n d algorithm time error gate_count
500000 10 cgd 16.031923 1.1014745967e-06 73490239
iter_i error_i gate_count_i
1 0.202980433969 5095899
2 0.0150726629631 9981209
3 0.00081597788364 14866519
4 5.79206934673e-05 19751829
5 3.13365147194e-06 24637139
6 3.13365147194e-06 29522449
7 3.13365147194e-06 34407759
8 1.67179148605e-06 39293069
9 1.67179148605e-06 44178379
10 1.67179148605e-06 49063689
11 1.10147459657e-06 53948999
12 1.10147459657e-06 58834309
13 1.10147459657e-06 63719619
14 1.1014745967e-06 68604929
15 1.1014745967e-06 73490239
solution:
10
0.971160559592 0.0215638085897 0.908103421233 0.0801676497849 0.743112592023 0.0655410173849 0.67374076886 0.670220555369 0.453746409238 0.412288913856
result:
10
0.971160697523 0.0215637597275 0.908103417457 0.0801676126614 0.743112244271 0.0655411777591 0.673740133277 0.670220669281 0.453747097156 0.412289305797
Condition number:
1.31998337951