n d algorithm time error gate_count
5000 10 cholesky 2.786004 9.3927402988e-13 12273136
solution:
10
0.732001980425 0.940590833865 0.279802170923 0.938324448503 0.441580863969 0.435665294536 0.300273334555 0.521972246292 0.62741022757 0.0603615081477
result:
10
0.732001980425 0.940590833865 0.279802170923 0.938324448503 0.441580863969 0.435665294536 0.300273334556 0.521972246293 0.62741022757 0.0603615081476
Condition number:
1.54885058584