n d algorithm time error gate_count
5000 20 cholesky 12.542831 4.39811455296e-12 57926741
solution:
20
0.256973421005 0.629905739821 0.465285006076 0.720431719885 0.619498176263 0.965595256821 0.460462566197 0.0302650365801 0.921294517038 0.217365046678 0.637994066708 0.844494429911 0.765938748685 0.767706446133 0.299293454048 0.304446080626 0.304741069175 0.958614391906 0.0547509071678 0.243700495883
result:
20
0.256973421005 0.629905739822 0.465285006077 0.720431719884 0.619498176264 0.965595256824 0.460462566198 0.0302650365801 0.921294517038 0.217365046678 0.637994066706 0.84449442991 0.765938748685 0.767706446134 0.299293454048 0.304446080627 0.304741069177 0.958614391905 0.0547509071678 0.243700495883
Condition number:
1.79532082365