n d algorithm time error gate_count
2000 10 cgd 16.017903 0.000483108786935 73490239
iter_i error_i gate_count_i
1 0.284286747794 5095899
2 0.0738271187883 9981209
3 0.00706924743386 14866519
4 0.000941891788022 19751829
5 4.74131282772e-05 24637139
6 4.14160079213e-06 29522449
7 9.53688484472e-06 34407759
8 1.67600817131e-05 39293069
9 2.81618907883e-05 44178379
10 4.66761215716e-05 49063689
11 7.6356725304e-05 53948999
12 0.000123395953634 58834309
13 0.000196798203585 63719619
14 0.000309883583536 68604929
15 0.000483108786935 73490239
solution:
10
0.0621195670219 0.346240367268 0.0164187658515 0.817112272889 0.594330938664 0.859930809252 0.875815503292 0.106156128597 0.641629036582 0.476271578726
result:
10
0.0623291338428 0.345910464015 0.0165919003658 0.817048460314 0.594335822439 0.860037016516 0.875865337397 0.106158562786 0.641534106208 0.47642580944
Condition number:
1.93782817308